[2023-02-22T09:03:50.373+0000][68][gc,init] CardTable entry size: 512
[2023-02-22T09:03:50.373+0000][68][gc     ] Using G1
[2023-02-22T09:03:51.361+0000][68][gc,init] Version: 19.0.1+10-21 (release)
[2023-02-22T09:03:51.361+0000][68][gc,init] CPUs: 8 total, 8 available
[2023-02-22T09:03:51.361+0000][68][gc,init] Memory: 15699M
[2023-02-22T09:03:51.361+0000][68][gc,init] Large Page Support: Disabled
[2023-02-22T09:03:51.361+0000][68][gc,init] NUMA Support: Disabled
[2023-02-22T09:03:51.361+0000][68][gc,init] Compressed Oops: Enabled (Zero based)
[2023-02-22T09:03:51.361+0000][68][gc,init] Heap Region Size: 4M
[2023-02-22T09:03:51.361+0000][68][gc,init] Heap Min Capacity: 7852M
[2023-02-22T09:03:51.361+0000][68][gc,init] Heap Initial Capacity: 7852M
[2023-02-22T09:03:51.361+0000][68][gc,init] Heap Max Capacity: 7852M
[2023-02-22T09:03:51.361+0000][68][gc,init] Pre-touch: Enabled
[2023-02-22T09:03:51.361+0000][68][gc,init] Parallel Workers: 8
[2023-02-22T09:03:51.361+0000][68][gc,init] Concurrent Workers: 2
[2023-02-22T09:03:51.361+0000][68][gc,init] Concurrent Refinement Workers: 8
[2023-02-22T09:03:51.361+0000][68][gc,init] Periodic GC: Disabled
[2023-02-22T09:03:51.362+0000][68][gc,metaspace] CDS archive(s) mapped at: [0x0000000800000000-0x0000000800c4f000-0x0000000800c4f000), size 12906496, SharedBaseAddress: 0x0000000800000000, ArchiveRelocationMode: 0.
[2023-02-22T09:03:51.362+0000][68][gc,metaspace] Compressed class space mapped at: 0x0000000801000000-0x0000000841000000, reserved size: 1073741824
[2023-02-22T09:03:51.362+0000][68][gc,metaspace] Narrow klass base: 0x0000000800000000, Narrow klass shift: 0, Narrow klass range: 0x100000000
[2023-02-22T09:03:51.767+0000][68][safepoint   ] Safepoint "ICBufferFull", Time since last: 397010480 ns, Reaching safepoint: 206806 ns, At safepoint: 7887 ns, Total: 214693 ns
[2023-02-22T09:03:52.152+0000][68][safepoint   ] Safepoint "ICBufferFull", Time since last: 385132496 ns, Reaching safepoint: 139156 ns, At safepoint: 3868 ns, Total: 143024 ns
[2023-02-22T09:03:52.729+0000][68][safepoint   ] Safepoint "ICBufferFull", Time since last: 576910129 ns, Reaching safepoint: 172539 ns, At safepoint: 2835 ns, Total: 175374 ns
[2023-02-22T09:03:53.300+0000][68][safepoint   ] Safepoint "ICBufferFull", Time since last: 570871505 ns, Reaching safepoint: 159141 ns, At safepoint: 2325 ns, Total: 161466 ns
[2023-02-22T09:03:54.113+0000][68][safepoint   ] Safepoint "ICBufferFull", Time since last: 812138717 ns, Reaching safepoint: 212335 ns, At safepoint: 5473 ns, Total: 217808 ns
[2023-02-22T09:03:54.469+0000][68][safepoint   ] Safepoint "ICBufferFull", Time since last: 355916670 ns, Reaching safepoint: 214054 ns, At safepoint: 8148 ns, Total: 222202 ns
[2023-02-22T09:03:54.847+0000][68][gc,start    ] GC(0) Pause Young (Concurrent Start) (Metadata GC Threshold)
[2023-02-22T09:03:54.848+0000][68][gc,task     ] GC(0) Using 8 workers of 8 for evacuation
[2023-02-22T09:03:54.848+0000][68][gc,age      ] GC(0) Desired survivor size 27262976 bytes, new threshold 15 (max threshold 15)
[2023-02-22T09:03:54.857+0000][68][gc,phases   ] GC(0)   Pre Evacuate Collection Set: 0.3ms
[2023-02-22T09:03:54.857+0000][68][gc,phases   ] GC(0)   Merge Heap Roots: 0.2ms
[2023-02-22T09:03:54.857+0000][68][gc,phases   ] GC(0)   Evacuate Collection Set: 7.5ms
[2023-02-22T09:03:54.857+0000][68][gc,phases   ] GC(0)   Post Evacuate Collection Set: 1.3ms
[2023-02-22T09:03:54.857+0000][68][gc,phases   ] GC(0)   Other: 0.1ms
[2023-02-22T09:03:54.857+0000][68][gc,age      ] GC(0) Age table with threshold 15 (max threshold 15)
[2023-02-22T09:03:54.857+0000][68][gc,age      ] GC(0) - age   1:   11912880 bytes,   11912880 total
[2023-02-22T09:03:54.857+0000][68][gc,heap     ] GC(0) Eden regions: 62->0(95)
[2023-02-22T09:03:54.857+0000][68][gc,heap     ] GC(0) Survivor regions: 0->3(13)
[2023-02-22T09:03:54.857+0000][68][gc,heap     ] GC(0) Old regions: 0->0
[2023-02-22T09:03:54.857+0000][68][gc,heap     ] GC(0) Archive regions: 2->2
[2023-02-22T09:03:54.857+0000][68][gc,heap     ] GC(0) Humongous regions: 0->0
[2023-02-22T09:03:54.857+0000][68][gc,metaspace] GC(0) Metaspace: 20995K(21504K)->20995K(21504K) NonClass: 18686K(18944K)->18686K(18944K) Class: 2308K(2560K)->2308K(2560K)
[2023-02-22T09:03:54.858+0000][68][gc          ] GC(0) Pause Young (Concurrent Start) (Metadata GC Threshold) 249M->15M(7852M) 10.700ms
[2023-02-22T09:03:54.858+0000][68][gc,cpu      ] GC(0) User=0.05s Sys=0.00s Real=0.01s
[2023-02-22T09:03:54.858+0000][68][gc          ] GC(1) Concurrent Mark Cycle
[2023-02-22T09:03:54.858+0000][68][safepoint   ] Safepoint "CollectForMetadataAllocation", Time since last: 377797576 ns, Reaching safepoint: 137153 ns, At safepoint: 10876788 ns, Total: 11013941 ns
[2023-02-22T09:03:54.858+0000][68][gc,marking  ] GC(1) Concurrent Clear Claimed Marks
[2023-02-22T09:03:54.858+0000][68][gc,marking  ] GC(1) Concurrent Clear Claimed Marks 0.097ms
[2023-02-22T09:03:54.858+0000][68][gc,marking  ] GC(1) Concurrent Scan Root Regions
[2023-02-22T09:03:54.863+0000][68][gc,marking  ] GC(1) Concurrent Scan Root Regions 4.826ms
[2023-02-22T09:03:54.863+0000][68][gc,marking  ] GC(1) Concurrent Mark
[2023-02-22T09:03:54.863+0000][68][gc,marking  ] GC(1) Concurrent Mark From Roots
[2023-02-22T09:03:54.863+0000][68][gc,task     ] GC(1) Using 2 workers of 2 for marking
[2023-02-22T09:03:54.865+0000][68][gc,marking  ] GC(1) Concurrent Mark From Roots 2.057ms
[2023-02-22T09:03:54.865+0000][68][gc,marking  ] GC(1) Concurrent Preclean
[2023-02-22T09:03:54.865+0000][68][gc,marking  ] GC(1) Concurrent Preclean 0.019ms
[2023-02-22T09:03:54.865+0000][68][gc,start    ] GC(1) Pause Remark
[2023-02-22T09:03:54.868+0000][68][gc          ] GC(1) Pause Remark 19M->19M(7852M) 2.720ms
[2023-02-22T09:03:54.868+0000][68][gc,cpu      ] GC(1) User=0.01s Sys=0.01s Real=0.00s
[2023-02-22T09:03:54.868+0000][68][safepoint   ] Safepoint "G1PauseRemark", Time since last: 7245624 ns, Reaching safepoint: 114293 ns, At safepoint: 2804235 ns, Total: 2918528 ns
[2023-02-22T09:03:54.868+0000][68][gc,marking  ] GC(1) Concurrent Mark 5.198ms
[2023-02-22T09:03:54.868+0000][68][gc,marking  ] GC(1) Concurrent Rebuild Remembered Sets
[2023-02-22T09:03:54.868+0000][68][gc,marking  ] GC(1) Concurrent Rebuild Remembered Sets 0.015ms
[2023-02-22T09:03:54.868+0000][68][gc,start    ] GC(1) Pause Cleanup
[2023-02-22T09:03:54.868+0000][68][gc          ] GC(1) Pause Cleanup 19M->19M(7852M) 0.020ms
[2023-02-22T09:03:54.868+0000][68][gc,cpu      ] GC(1) User=0.00s Sys=0.00s Real=0.00s
[2023-02-22T09:03:54.868+0000][68][safepoint   ] Safepoint "G1PauseCleanup", Time since last: 185925 ns, Reaching safepoint: 88670 ns, At safepoint: 55727 ns, Total: 144397 ns
[2023-02-22T09:03:54.868+0000][68][gc,marking  ] GC(1) Concurrent Cleanup for Next Mark
[2023-02-22T09:03:54.877+0000][68][gc,marking  ] GC(1) Concurrent Cleanup for Next Mark 9.041ms
[2023-02-22T09:03:54.877+0000][68][gc          ] GC(1) Concurrent Mark Cycle 19.741ms
[2023-02-22T09:03:55.536+0000][68][safepoint   ] Safepoint "ICBufferFull", Time since last: 667483045 ns, Reaching safepoint: 175061 ns, At safepoint: 4520 ns, Total: 179581 ns
[2023-02-22T09:03:56.342+0000][68][gc,start    ] GC(2) Pause Young (Normal) (G1 Evacuation Pause)
[2023-02-22T09:03:56.342+0000][68][gc,task     ] GC(2) Using 8 workers of 8 for evacuation
[2023-02-22T09:03:56.342+0000][68][gc,age      ] GC(2) Desired survivor size 27262976 bytes, new threshold 15 (max threshold 15)
[2023-02-22T09:03:56.352+0000][68][gc,phases   ] GC(2)   Pre Evacuate Collection Set: 0.2ms
[2023-02-22T09:03:56.352+0000][68][gc,phases   ] GC(2)   Merge Heap Roots: 0.1ms
[2023-02-22T09:03:56.352+0000][68][gc,phases   ] GC(2)   Evacuate Collection Set: 8.7ms
[2023-02-22T09:03:56.352+0000][68][gc,phases   ] GC(2)   Post Evacuate Collection Set: 0.9ms
[2023-02-22T09:03:56.352+0000][68][gc,phases   ] GC(2)   Other: 0.1ms
[2023-02-22T09:03:56.352+0000][68][gc,age      ] GC(2) Age table with threshold 15 (max threshold 15)
[2023-02-22T09:03:56.352+0000][68][gc,age      ] GC(2) - age   1:    7530056 bytes,    7530056 total
[2023-02-22T09:03:56.352+0000][68][gc,age      ] GC(2) - age   2:   11093624 bytes,   18623680 total
[2023-02-22T09:03:56.352+0000][68][gc,heap     ] GC(2) Eden regions: 95->0(93)
[2023-02-22T09:03:56.352+0000][68][gc,heap     ] GC(2) Survivor regions: 3->5(13)
[2023-02-22T09:03:56.352+0000][68][gc,heap     ] GC(2) Old regions: 0->0
[2023-02-22T09:03:56.352+0000][68][gc,heap     ] GC(2) Archive regions: 2->2
[2023-02-22T09:03:56.352+0000][68][gc,heap     ] GC(2) Humongous regions: 0->0
[2023-02-22T09:03:56.352+0000][68][gc,metaspace] GC(2) Metaspace: 26006K(26624K)->26006K(26624K) NonClass: 23017K(23360K)->23017K(23360K) Class: 2988K(3264K)->2988K(3264K)
[2023-02-22T09:03:56.352+0000][68][gc          ] GC(2) Pause Young (Normal) (G1 Evacuation Pause) 395M->22M(7852M) 10.422ms
[2023-02-22T09:03:56.352+0000][68][gc,cpu      ] GC(2) User=0.07s Sys=0.00s Real=0.01s
[2023-02-22T09:03:56.352+0000][68][safepoint   ] Safepoint "G1CollectForAllocation", Time since last: 805540771 ns, Reaching safepoint: 165744 ns, At safepoint: 10490704 ns, Total: 10656448 ns
[2023-02-22T09:03:57.444+0000][68][safepoint   ] Safepoint "ICBufferFull", Time since last: 1092108817 ns, Reaching safepoint: 174067 ns, At safepoint: 4766 ns, Total: 178833 ns
[2023-02-22T09:03:57.772+0000][68][gc,start    ] GC(3) Pause Young (Normal) (G1 Evacuation Pause)
[2023-02-22T09:03:57.772+0000][68][gc,task     ] GC(3) Using 8 workers of 8 for evacuation
[2023-02-22T09:03:57.772+0000][68][gc,age      ] GC(3) Desired survivor size 27262976 bytes, new threshold 15 (max threshold 15)
[2023-02-22T09:03:57.785+0000][68][gc,phases   ] GC(3)   Pre Evacuate Collection Set: 0.3ms
[2023-02-22T09:03:57.785+0000][68][gc,phases   ] GC(3)   Merge Heap Roots: 0.1ms
[2023-02-22T09:03:57.785+0000][68][gc,phases   ] GC(3)   Evacuate Collection Set: 11.1ms
[2023-02-22T09:03:57.785+0000][68][gc,phases   ] GC(3)   Post Evacuate Collection Set: 1.7ms
[2023-02-22T09:03:57.785+0000][68][gc,phases   ] GC(3)   Other: 0.1ms
[2023-02-22T09:03:57.785+0000][68][gc,age      ] GC(3) Age table with threshold 15 (max threshold 15)
[2023-02-22T09:03:57.785+0000][68][gc,age      ] GC(3) - age   1:    8817096 bytes,    8817096 total
[2023-02-22T09:03:57.785+0000][68][gc,age      ] GC(3) - age   2:    6856720 bytes,   15673816 total
[2023-02-22T09:03:57.785+0000][68][gc,age      ] GC(3) - age   3:   11052936 bytes,   26726752 total
[2023-02-22T09:03:57.785+0000][68][gc,heap     ] GC(3) Eden regions: 93->0(91)
[2023-02-22T09:03:57.785+0000][68][gc,heap     ] GC(3) Survivor regions: 5->7(13)
[2023-02-22T09:03:57.785+0000][68][gc,heap     ] GC(3) Old regions: 0->0
[2023-02-22T09:03:57.785+0000][68][gc,heap     ] GC(3) Archive regions: 2->2
[2023-02-22T09:03:57.785+0000][68][gc,heap     ] GC(3) Humongous regions: 0->0
[2023-02-22T09:03:57.785+0000][68][gc,metaspace] GC(3) Metaspace: 33478K(34240K)->33478K(34240K) NonClass: 29649K(30080K)->29649K(30080K) Class: 3829K(4160K)->3829K(4160K)
[2023-02-22T09:03:57.786+0000][68][gc          ] GC(3) Pause Young (Normal) (G1 Evacuation Pause) 394M->31M(7852M) 13.689ms
[2023-02-22T09:03:57.786+0000][68][gc,cpu      ] GC(3) User=0.08s Sys=0.00s Real=0.01s
[2023-02-22T09:03:57.786+0000][68][safepoint   ] Safepoint "G1CollectForAllocation", Time since last: 327350382 ns, Reaching safepoint: 136312 ns, At safepoint: 13769508 ns, Total: 13905820 ns
