[2023-02-22T09:03:33.983+0000][74][gc,init] CardTable entry size: 512
[2023-02-22T09:03:33.983+0000][74][gc     ] Using G1
[2023-02-22T09:03:35.264+0000][74][gc,init] Version: 19.0.1+10-21 (release)
[2023-02-22T09:03:35.264+0000][74][gc,init] CPUs: 8 total, 8 available
[2023-02-22T09:03:35.264+0000][74][gc,init] Memory: 15699M
[2023-02-22T09:03:35.264+0000][74][gc,init] Large Page Support: Disabled
[2023-02-22T09:03:35.264+0000][74][gc,init] NUMA Support: Disabled
[2023-02-22T09:03:35.264+0000][74][gc,init] Compressed Oops: Enabled (Zero based)
[2023-02-22T09:03:35.264+0000][74][gc,init] Heap Region Size: 4M
[2023-02-22T09:03:35.264+0000][74][gc,init] Heap Min Capacity: 7852M
[2023-02-22T09:03:35.264+0000][74][gc,init] Heap Initial Capacity: 7852M
[2023-02-22T09:03:35.264+0000][74][gc,init] Heap Max Capacity: 7852M
[2023-02-22T09:03:35.264+0000][74][gc,init] Pre-touch: Enabled
[2023-02-22T09:03:35.264+0000][74][gc,init] Parallel Workers: 8
[2023-02-22T09:03:35.264+0000][74][gc,init] Concurrent Workers: 2
[2023-02-22T09:03:35.264+0000][74][gc,init] Concurrent Refinement Workers: 8
[2023-02-22T09:03:35.264+0000][74][gc,init] Periodic GC: Disabled
[2023-02-22T09:03:35.293+0000][74][gc,metaspace] CDS archive(s) mapped at: [0x0000000800000000-0x0000000800c4f000-0x0000000800c4f000), size 12906496, SharedBaseAddress: 0x0000000800000000, ArchiveRelocationMode: 0.
[2023-02-22T09:03:35.293+0000][74][gc,metaspace] Compressed class space mapped at: 0x0000000801000000-0x0000000841000000, reserved size: 1073741824
[2023-02-22T09:03:35.293+0000][74][gc,metaspace] Narrow klass base: 0x0000000800000000, Narrow klass shift: 0, Narrow klass range: 0x100000000
[2023-02-22T09:03:35.794+0000][74][safepoint   ] Safepoint "ICBufferFull", Time since last: 477699276 ns, Reaching safepoint: 206842 ns, At safepoint: 6455 ns, Total: 213297 ns
[2023-02-22T09:03:36.268+0000][74][safepoint   ] Safepoint "ICBufferFull", Time since last: 474187129 ns, Reaching safepoint: 179645 ns, At safepoint: 4679 ns, Total: 184324 ns
[2023-02-22T09:03:36.834+0000][74][safepoint   ] Safepoint "ICBufferFull", Time since last: 565392481 ns, Reaching safepoint: 177630 ns, At safepoint: 3509 ns, Total: 181139 ns
[2023-02-22T09:03:37.243+0000][74][safepoint   ] Safepoint "ICBufferFull", Time since last: 408694959 ns, Reaching safepoint: 193435 ns, At safepoint: 3562 ns, Total: 196997 ns
[2023-02-22T09:03:38.136+0000][74][safepoint   ] Safepoint "ICBufferFull", Time since last: 893155296 ns, Reaching safepoint: 171045 ns, At safepoint: 10505 ns, Total: 181550 ns
[2023-02-22T09:03:38.934+0000][74][safepoint   ] Safepoint "ICBufferFull", Time since last: 798032055 ns, Reaching safepoint: 175158 ns, At safepoint: 7036 ns, Total: 182194 ns
[2023-02-22T09:03:39.362+0000][74][gc,start    ] GC(0) Pause Young (Concurrent Start) (Metadata GC Threshold)
[2023-02-22T09:03:39.362+0000][74][gc,task     ] GC(0) Using 8 workers of 8 for evacuation
[2023-02-22T09:03:39.362+0000][74][gc,age      ] GC(0) Desired survivor size 27262976 bytes, new threshold 15 (max threshold 15)
[2023-02-22T09:03:39.373+0000][74][gc,phases   ] GC(0)   Pre Evacuate Collection Set: 0.5ms
[2023-02-22T09:03:39.373+0000][74][gc,phases   ] GC(0)   Merge Heap Roots: 0.2ms
[2023-02-22T09:03:39.373+0000][74][gc,phases   ] GC(0)   Evacuate Collection Set: 9.1ms
[2023-02-22T09:03:39.373+0000][74][gc,phases   ] GC(0)   Post Evacuate Collection Set: 1.8ms
[2023-02-22T09:03:39.373+0000][74][gc,phases   ] GC(0)   Other: 0.1ms
[2023-02-22T09:03:39.374+0000][74][gc,age      ] GC(0) Age table with threshold 15 (max threshold 15)
[2023-02-22T09:03:39.374+0000][74][gc,age      ] GC(0) - age   1:   11990120 bytes,   11990120 total
[2023-02-22T09:03:39.374+0000][74][gc,heap     ] GC(0) Eden regions: 62->0(94)
[2023-02-22T09:03:39.374+0000][74][gc,heap     ] GC(0) Survivor regions: 0->4(13)
[2023-02-22T09:03:39.374+0000][74][gc,heap     ] GC(0) Old regions: 0->0
[2023-02-22T09:03:39.374+0000][74][gc,heap     ] GC(0) Archive regions: 2->2
[2023-02-22T09:03:39.374+0000][74][gc,heap     ] GC(0) Humongous regions: 0->0
[2023-02-22T09:03:39.374+0000][74][gc,metaspace] GC(0) Metaspace: 21017K(21504K)->21017K(21504K) NonClass: 18708K(18944K)->18708K(18944K) Class: 2308K(2560K)->2308K(2560K)
[2023-02-22T09:03:39.374+0000][74][gc          ] GC(0) Pause Young (Concurrent Start) (Metadata GC Threshold) 249M->16M(7852M) 12.078ms
[2023-02-22T09:03:39.374+0000][74][gc,cpu      ] GC(0) User=0.06s Sys=0.00s Real=0.01s
[2023-02-22T09:03:39.374+0000][74][gc          ] GC(1) Concurrent Mark Cycle
[2023-02-22T09:03:39.374+0000][74][gc,marking  ] GC(1) Concurrent Clear Claimed Marks
[2023-02-22T09:03:39.374+0000][74][gc,marking  ] GC(1) Concurrent Clear Claimed Marks 0.046ms
[2023-02-22T09:03:39.374+0000][74][gc,marking  ] GC(1) Concurrent Scan Root Regions
[2023-02-22T09:03:39.374+0000][74][safepoint   ] Safepoint "CollectForMetadataAllocation", Time since last: 427338338 ns, Reaching safepoint: 112245 ns, At safepoint: 12266429 ns, Total: 12378674 ns
[2023-02-22T09:03:39.379+0000][74][gc,marking  ] GC(1) Concurrent Scan Root Regions 5.479ms
[2023-02-22T09:03:39.379+0000][74][gc,marking  ] GC(1) Concurrent Mark
[2023-02-22T09:03:39.379+0000][74][gc,marking  ] GC(1) Concurrent Mark From Roots
[2023-02-22T09:03:39.379+0000][74][gc,task     ] GC(1) Using 2 workers of 2 for marking
[2023-02-22T09:03:39.382+0000][74][gc,marking  ] GC(1) Concurrent Mark From Roots 2.326ms
[2023-02-22T09:03:39.382+0000][74][gc,marking  ] GC(1) Concurrent Preclean
[2023-02-22T09:03:39.382+0000][74][gc,marking  ] GC(1) Concurrent Preclean 0.013ms
[2023-02-22T09:03:39.382+0000][74][gc,start    ] GC(1) Pause Remark
[2023-02-22T09:03:39.387+0000][74][gc          ] GC(1) Pause Remark 20M->20M(7852M) 4.611ms
[2023-02-22T09:03:39.387+0000][74][gc,cpu      ] GC(1) User=0.01s Sys=0.00s Real=0.00s
[2023-02-22T09:03:39.387+0000][74][safepoint   ] Safepoint "G1PauseRemark", Time since last: 7980021 ns, Reaching safepoint: 108002 ns, At safepoint: 4719741 ns, Total: 4827743 ns
[2023-02-22T09:03:39.387+0000][74][gc,marking  ] GC(1) Concurrent Mark 7.299ms
[2023-02-22T09:03:39.387+0000][74][gc,marking  ] GC(1) Concurrent Rebuild Remembered Sets
[2023-02-22T09:03:39.387+0000][74][gc,marking  ] GC(1) Concurrent Rebuild Remembered Sets 0.019ms
[2023-02-22T09:03:39.387+0000][74][gc,start    ] GC(1) Pause Cleanup
[2023-02-22T09:03:39.387+0000][74][gc          ] GC(1) Pause Cleanup 20M->20M(7852M) 0.030ms
[2023-02-22T09:03:39.387+0000][74][gc,cpu      ] GC(1) User=0.00s Sys=0.00s Real=0.00s
[2023-02-22T09:03:39.387+0000][74][safepoint   ] Safepoint "G1PauseCleanup", Time since last: 91635 ns, Reaching safepoint: 107514 ns, At safepoint: 65286 ns, Total: 172800 ns
[2023-02-22T09:03:39.387+0000][74][gc,marking  ] GC(1) Concurrent Cleanup for Next Mark
[2023-02-22T09:03:39.399+0000][74][gc,marking  ] GC(1) Concurrent Cleanup for Next Mark 11.771ms
[2023-02-22T09:03:39.399+0000][74][gc          ] GC(1) Concurrent Mark Cycle 25.503ms
[2023-02-22T09:03:40.259+0000][74][safepoint   ] Safepoint "ICBufferFull", Time since last: 871546824 ns, Reaching safepoint: 395857 ns, At safepoint: 4092 ns, Total: 399949 ns
[2023-02-22T09:03:41.185+0000][74][safepoint   ] Safepoint "ICBufferFull", Time since last: 925792115 ns, Reaching safepoint: 194010 ns, At safepoint: 5401 ns, Total: 199411 ns
[2023-02-22T09:03:41.192+0000][74][gc,start    ] GC(2) Pause Young (Normal) (G1 Evacuation Pause)
[2023-02-22T09:03:41.192+0000][74][gc,task     ] GC(2) Using 8 workers of 8 for evacuation
[2023-02-22T09:03:41.192+0000][74][gc,age      ] GC(2) Desired survivor size 27262976 bytes, new threshold 15 (max threshold 15)
[2023-02-22T09:03:41.204+0000][74][gc,phases   ] GC(2)   Pre Evacuate Collection Set: 0.3ms
[2023-02-22T09:03:41.204+0000][74][gc,phases   ] GC(2)   Merge Heap Roots: 0.1ms
[2023-02-22T09:03:41.204+0000][74][gc,phases   ] GC(2)   Evacuate Collection Set: 10.2ms
[2023-02-22T09:03:41.204+0000][74][gc,phases   ] GC(2)   Post Evacuate Collection Set: 1.2ms
[2023-02-22T09:03:41.204+0000][74][gc,phases   ] GC(2)   Other: 0.1ms
[2023-02-22T09:03:41.204+0000][74][gc,age      ] GC(2) Age table with threshold 15 (max threshold 15)
[2023-02-22T09:03:41.204+0000][74][gc,age      ] GC(2) - age   1:    7433440 bytes,    7433440 total
[2023-02-22T09:03:41.204+0000][74][gc,age      ] GC(2) - age   2:   11094480 bytes,   18527920 total
[2023-02-22T09:03:41.204+0000][74][gc,heap     ] GC(2) Eden regions: 94->0(93)
[2023-02-22T09:03:41.204+0000][74][gc,heap     ] GC(2) Survivor regions: 4->5(13)
[2023-02-22T09:03:41.204+0000][74][gc,heap     ] GC(2) Old regions: 0->0
[2023-02-22T09:03:41.204+0000][74][gc,heap     ] GC(2) Archive regions: 2->2
[2023-02-22T09:03:41.204+0000][74][gc,heap     ] GC(2) Humongous regions: 0->0
[2023-02-22T09:03:41.204+0000][74][gc,metaspace] GC(2) Metaspace: 26002K(26688K)->26002K(26688K) NonClass: 23013K(23424K)->23013K(23424K) Class: 2988K(3264K)->2988K(3264K)
[2023-02-22T09:03:41.204+0000][74][gc          ] GC(2) Pause Young (Normal) (G1 Evacuation Pause) 392M->22M(7852M) 12.122ms
[2023-02-22T09:03:41.204+0000][74][gc,cpu      ] GC(2) User=0.07s Sys=0.00s Real=0.01s
[2023-02-22T09:03:41.204+0000][74][safepoint   ] Safepoint "G1CollectForAllocation", Time since last: 6663274 ns, Reaching safepoint: 163644 ns, At safepoint: 12182257 ns, Total: 12345901 ns
[2023-02-22T09:03:41.986+0000][74][safepoint   ] Safepoint "ICBufferFull", Time since last: 782147303 ns, Reaching safepoint: 205014 ns, At safepoint: 5309 ns, Total: 210323 ns
[2023-02-22T09:03:42.585+0000][74][gc,start    ] GC(3) Pause Young (Normal) (G1 Evacuation Pause)
[2023-02-22T09:03:42.585+0000][74][gc,task     ] GC(3) Using 8 workers of 8 for evacuation
[2023-02-22T09:03:42.585+0000][74][gc,age      ] GC(3) Desired survivor size 27262976 bytes, new threshold 15 (max threshold 15)
[2023-02-22T09:03:42.597+0000][74][gc,phases   ] GC(3)   Pre Evacuate Collection Set: 0.2ms
[2023-02-22T09:03:42.597+0000][74][gc,phases   ] GC(3)   Merge Heap Roots: 0.1ms
[2023-02-22T09:03:42.598+0000][74][gc,phases   ] GC(3)   Evacuate Collection Set: 10.9ms
[2023-02-22T09:03:42.598+0000][74][gc,phases   ] GC(3)   Post Evacuate Collection Set: 1.3ms
[2023-02-22T09:03:42.598+0000][74][gc,phases   ] GC(3)   Other: 0.1ms
[2023-02-22T09:03:42.598+0000][74][gc,age      ] GC(3) Age table with threshold 15 (max threshold 15)
[2023-02-22T09:03:42.598+0000][74][gc,age      ] GC(3) - age   1:    7545440 bytes,    7545440 total
[2023-02-22T09:03:42.598+0000][74][gc,age      ] GC(3) - age   2:    6857056 bytes,   14402496 total
[2023-02-22T09:03:42.598+0000][74][gc,age      ] GC(3) - age   3:   11053856 bytes,   25456352 total
[2023-02-22T09:03:42.598+0000][74][gc,heap     ] GC(3) Eden regions: 93->0(91)
[2023-02-22T09:03:42.598+0000][74][gc,heap     ] GC(3) Survivor regions: 5->7(13)
[2023-02-22T09:03:42.598+0000][74][gc,heap     ] GC(3) Old regions: 0->0
[2023-02-22T09:03:42.598+0000][74][gc,heap     ] GC(3) Archive regions: 2->2
[2023-02-22T09:03:42.598+0000][74][gc,heap     ] GC(3) Humongous regions: 0->0
[2023-02-22T09:03:42.598+0000][74][gc,metaspace] GC(3) Metaspace: 33465K(34240K)->33465K(34240K) NonClass: 29635K(30080K)->29635K(30080K) Class: 3829K(4160K)->3829K(4160K)
[2023-02-22T09:03:42.598+0000][74][gc          ] GC(3) Pause Young (Normal) (G1 Evacuation Pause) 394M->29M(7852M) 12.846ms
[2023-02-22T09:03:42.598+0000][74][gc,cpu      ] GC(3) User=0.08s Sys=0.00s Real=0.01s
[2023-02-22T09:03:42.598+0000][74][safepoint   ] Safepoint "G1CollectForAllocation", Time since last: 598491406 ns, Reaching safepoint: 145815 ns, At safepoint: 12909743 ns, Total: 13055558 ns
[2023-02-22T09:03:43.317+0000][74][safepoint   ] Safepoint "ICBufferFull", Time since last: 719004921 ns, Reaching safepoint: 238855 ns, At safepoint: 5857 ns, Total: 244712 ns
[2023-02-22T09:03:43.376+0000][74][gc,start    ] GC(4) Pause Young (Concurrent Start) (Metadata GC Threshold)
[2023-02-22T09:03:43.376+0000][74][gc,task     ] GC(4) Using 8 workers of 8 for evacuation
[2023-02-22T09:03:43.376+0000][74][gc,age      ] GC(4) Desired survivor size 27262976 bytes, new threshold 15 (max threshold 15)
[2023-02-22T09:03:43.393+0000][74][gc,phases   ] GC(4)   Pre Evacuate Collection Set: 0.6ms
[2023-02-22T09:03:43.393+0000][74][gc,phases   ] GC(4)   Merge Heap Roots: 0.1ms
[2023-02-22T09:03:43.393+0000][74][gc,phases   ] GC(4)   Evacuate Collection Set: 14.6ms
[2023-02-22T09:03:43.393+0000][74][gc,phases   ] GC(4)   Post Evacuate Collection Set: 1.3ms
[2023-02-22T09:03:43.393+0000][74][gc,phases   ] GC(4)   Other: 0.0ms
[2023-02-22T09:03:43.393+0000][74][gc,age      ] GC(4) Age table with threshold 15 (max threshold 15)
[2023-02-22T09:03:43.393+0000][74][gc,age      ] GC(4) - age   1:    3974688 bytes,    3974688 total
[2023-02-22T09:03:43.393+0000][74][gc,age      ] GC(4) - age   2:    7499456 bytes,   11474144 total
[2023-02-22T09:03:43.393+0000][74][gc,age      ] GC(4) - age   3:    6838344 bytes,   18312488 total
[2023-02-22T09:03:43.393+0000][74][gc,age      ] GC(4) - age   4:   10941824 bytes,   29254312 total
[2023-02-22T09:03:43.393+0000][74][gc,heap     ] GC(4) Eden regions: 79->0(90)
[2023-02-22T09:03:43.393+0000][74][gc,heap     ] GC(4) Survivor regions: 7->8(13)
[2023-02-22T09:03:43.393+0000][74][gc,heap     ] GC(4) Old regions: 0->0
[2023-02-22T09:03:43.393+0000][74][gc,heap     ] GC(4) Archive regions: 2->2
[2023-02-22T09:03:43.393+0000][74][gc,heap     ] GC(4) Humongous regions: 0->0
[2023-02-22T09:03:43.393+0000][74][gc,metaspace] GC(4) Metaspace: 35314K(36160K)->35314K(36160K) NonClass: 31261K(31744K)->31261K(31744K) Class: 4052K(4416K)->4052K(4416K)
[2023-02-22T09:03:43.393+0000][74][gc          ] GC(4) Pause Young (Concurrent Start) (Metadata GC Threshold) 343M->34M(7852M) 16.875ms
[2023-02-22T09:03:43.393+0000][74][gc,cpu      ] GC(4) User=0.09s Sys=0.00s Real=0.02s
[2023-02-22T09:03:43.393+0000][74][gc          ] GC(5) Concurrent Mark Cycle
[2023-02-22T09:03:43.393+0000][74][gc,marking  ] GC(5) Concurrent Clear Claimed Marks
[2023-02-22T09:03:43.393+0000][74][gc,marking  ] GC(5) Concurrent Clear Claimed Marks 0.063ms
[2023-02-22T09:03:43.393+0000][74][gc,marking  ] GC(5) Concurrent Scan Root Regions
[2023-02-22T09:03:43.393+0000][74][safepoint   ] Safepoint "CollectForMetadataAllocation", Time since last: 58804396 ns, Reaching safepoint: 69392 ns, At safepoint: 17041679 ns, Total: 17111071 ns
[2023-02-22T09:03:43.406+0000][74][gc,marking  ] GC(5) Concurrent Scan Root Regions 12.967ms
[2023-02-22T09:03:43.406+0000][74][gc,marking  ] GC(5) Concurrent Mark
[2023-02-22T09:03:43.406+0000][74][gc,marking  ] GC(5) Concurrent Mark From Roots
[2023-02-22T09:03:43.406+0000][74][gc,task     ] GC(5) Using 2 workers of 2 for marking
[2023-02-22T09:03:43.409+0000][74][gc,marking  ] GC(5) Concurrent Mark From Roots 2.670ms
[2023-02-22T09:03:43.409+0000][74][gc,marking  ] GC(5) Concurrent Preclean
[2023-02-22T09:03:43.409+0000][74][gc,marking  ] GC(5) Concurrent Preclean 0.022ms
[2023-02-22T09:03:43.409+0000][74][gc,start    ] GC(5) Pause Remark
[2023-02-22T09:03:43.412+0000][74][gc          ] GC(5) Pause Remark 36M->36M(7852M) 2.826ms
[2023-02-22T09:03:43.412+0000][74][gc,cpu      ] GC(5) User=0.01s Sys=0.00s Real=0.00s
[2023-02-22T09:03:43.412+0000][74][safepoint   ] Safepoint "G1PauseRemark", Time since last: 15962476 ns, Reaching safepoint: 117470 ns, At safepoint: 2902653 ns, Total: 3020123 ns
[2023-02-22T09:03:43.412+0000][74][gc,marking  ] GC(5) Concurrent Mark 5.861ms
[2023-02-22T09:03:43.412+0000][74][gc,marking  ] GC(5) Concurrent Rebuild Remembered Sets
[2023-02-22T09:03:43.412+0000][74][gc,marking  ] GC(5) Concurrent Rebuild Remembered Sets 0.009ms
[2023-02-22T09:03:43.412+0000][74][gc,start    ] GC(5) Pause Cleanup
[2023-02-22T09:03:43.412+0000][74][gc          ] GC(5) Pause Cleanup 36M->36M(7852M) 0.020ms
[2023-02-22T09:03:43.412+0000][74][gc,cpu      ] GC(5) User=0.00s Sys=0.00s Real=0.00s
[2023-02-22T09:03:43.412+0000][74][safepoint   ] Safepoint "G1PauseCleanup", Time since last: 73106 ns, Reaching safepoint: 85889 ns, At safepoint: 48084 ns, Total: 133973 ns
[2023-02-22T09:03:43.412+0000][74][gc,marking  ] GC(5) Concurrent Cleanup for Next Mark
[2023-02-22T09:03:43.423+0000][74][gc,marking  ] GC(5) Concurrent Cleanup for Next Mark 10.520ms
[2023-02-22T09:03:43.423+0000][74][gc          ] GC(5) Concurrent Mark Cycle 29.902ms
[2023-02-22T09:03:44.446+0000][74][safepoint   ] Safepoint "ICBufferFull", Time since last: 1033731338 ns, Reaching safepoint: 409142 ns, At safepoint: 4046 ns, Total: 413188 ns
[2023-02-22T09:03:45.189+0000][74][safepoint   ] Safepoint "ICBufferFull", Time since last: 743013852 ns, Reaching safepoint: 186336 ns, At safepoint: 8988 ns, Total: 195324 ns
[2023-02-22T09:03:45.615+0000][74][safepoint   ] Safepoint "ICBufferFull", Time since last: 425451064 ns, Reaching safepoint: 205372 ns, At safepoint: 8041 ns, Total: 213413 ns
[2023-02-22T09:03:46.616+0000][74][safepoint   ] Safepoint "Cleanup", Time since last: 1000157446 ns, Reaching safepoint: 212299 ns, At safepoint: 6887 ns, Total: 219186 ns
[2023-02-22T09:03:46.902+0000][74][gc,start    ] GC(6) Pause Young (Normal) (G1 Evacuation Pause)
[2023-02-22T09:03:46.902+0000][74][gc,task     ] GC(6) Using 8 workers of 8 for evacuation
[2023-02-22T09:03:46.902+0000][74][gc,age      ] GC(6) Desired survivor size 27262976 bytes, new threshold 4 (max threshold 15)
[2023-02-22T09:03:46.978+0000][74][gc,phases   ] GC(6)   Pre Evacuate Collection Set: 0.2ms
[2023-02-22T09:03:46.978+0000][74][gc,phases   ] GC(6)   Merge Heap Roots: 0.1ms
[2023-02-22T09:03:46.978+0000][74][gc,phases   ] GC(6)   Evacuate Collection Set: 72.9ms
[2023-02-22T09:03:46.978+0000][74][gc,phases   ] GC(6)   Post Evacuate Collection Set: 2.3ms
[2023-02-22T09:03:46.978+0000][74][gc,phases   ] GC(6)   Other: 0.1ms
[2023-02-22T09:03:46.978+0000][74][gc,age      ] GC(6) Age table with threshold 4 (max threshold 15)
[2023-02-22T09:03:46.978+0000][74][gc,age      ] GC(6) - age   1:   21542984 bytes,   21542984 total
[2023-02-22T09:03:46.978+0000][74][gc,age      ] GC(6) - age   2:    3934976 bytes,   25477960 total
[2023-02-22T09:03:46.978+0000][74][gc,age      ] GC(6) - age   3:    7462320 bytes,   32940280 total
[2023-02-22T09:03:46.978+0000][74][gc,age      ] GC(6) - age   4:    6809712 bytes,   39749992 total
[2023-02-22T09:03:46.978+0000][74][gc,heap     ] GC(6) Eden regions: 90->0(99)
[2023-02-22T09:03:46.978+0000][74][gc,heap     ] GC(6) Survivor regions: 8->10(13)
[2023-02-22T09:03:46.978+0000][74][gc,heap     ] GC(6) Old regions: 0->3
[2023-02-22T09:03:46.978+0000][74][gc,heap     ] GC(6) Archive regions: 2->2
[2023-02-22T09:03:46.978+0000][74][gc,heap     ] GC(6) Humongous regions: 0->0
[2023-02-22T09:03:46.978+0000][74][gc,metaspace] GC(6) Metaspace: 50229K(51520K)->50229K(51520K) NonClass: 44131K(44864K)->44131K(44864K) Class: 6098K(6656K)->6098K(6656K)
[2023-02-22T09:03:46.978+0000][74][gc          ] GC(6) Pause Young (Normal) (G1 Evacuation Pause) 394M->54M(7852M) 75.974ms
[2023-02-22T09:03:46.978+0000][74][gc,cpu      ] GC(6) User=0.16s Sys=0.03s Real=0.07s
[2023-02-22T09:03:46.978+0000][74][safepoint   ] Safepoint "G1CollectForAllocation", Time since last: 286448378 ns, Reaching safepoint: 138581 ns, At safepoint: 76053734 ns, Total: 76192315 ns
[2023-02-22T09:03:47.062+0000][74][gc,heap,exit] Heap
[2023-02-22T09:03:47.062+0000][74][gc,heap,exit]  garbage-first heap   total 8040448K, used 97197K [0x0000000615400000, 0x0000000800000000)
[2023-02-22T09:03:47.062+0000][74][gc,heap,exit]   region size 4096K, 20 young (81920K), 10 survivors (40960K)
[2023-02-22T09:03:47.062+0000][74][gc,heap,exit]  Metaspace       used 50340K, committed 51648K, reserved 1114112K
[2023-02-22T09:03:47.062+0000][74][gc,heap,exit]   class space    used 6115K, committed 6656K, reserved 1048576K
