[2023-02-22T09:03:50.257+0000][50][gc,init] CardTable entry size: 512
[2023-02-22T09:03:50.258+0000][50][gc     ] Using G1
[2023-02-22T09:03:50.286+0000][50][gc,init] Version: 19.0.1+10-21 (release)
[2023-02-22T09:03:50.286+0000][50][gc,init] CPUs: 8 total, 8 available
[2023-02-22T09:03:50.286+0000][50][gc,init] Memory: 15699M
[2023-02-22T09:03:50.287+0000][50][gc,init] Large Page Support: Disabled
[2023-02-22T09:03:50.287+0000][50][gc,init] NUMA Support: Disabled
[2023-02-22T09:03:50.287+0000][50][gc,init] Compressed Oops: Enabled (Zero based)
[2023-02-22T09:03:50.287+0000][50][gc,init] Heap Region Size: 4M
[2023-02-22T09:03:50.287+0000][50][gc,init] Heap Min Capacity: 7852M
[2023-02-22T09:03:50.287+0000][50][gc,init] Heap Initial Capacity: 7852M
[2023-02-22T09:03:50.287+0000][50][gc,init] Heap Max Capacity: 7852M
[2023-02-22T09:03:50.287+0000][50][gc,init] Pre-touch: Disabled
[2023-02-22T09:03:50.287+0000][50][gc,init] Parallel Workers: 8
[2023-02-22T09:03:50.287+0000][50][gc,init] Concurrent Workers: 2
[2023-02-22T09:03:50.287+0000][50][gc,init] Concurrent Refinement Workers: 8
[2023-02-22T09:03:50.287+0000][50][gc,init] Periodic GC: Disabled
[2023-02-22T09:03:50.287+0000][50][gc,metaspace] CDS archive(s) mapped at: [0x0000000800000000-0x0000000800c4f000-0x0000000800c4f000), size 12906496, SharedBaseAddress: 0x0000000800000000, ArchiveRelocationMode: 0.
[2023-02-22T09:03:50.287+0000][50][gc,metaspace] Compressed class space mapped at: 0x0000000801000000-0x0000000841000000, reserved size: 1073741824
[2023-02-22T09:03:50.287+0000][50][gc,metaspace] Narrow klass base: 0x0000000800000000, Narrow klass shift: 0, Narrow klass range: 0x100000000
[2023-02-22T09:03:50.334+0000][50][gc,heap,exit] Heap
[2023-02-22T09:03:50.334+0000][50][gc,heap,exit]  garbage-first heap   total 8040448K, used 10210K [0x0000000615400000, 0x0000000800000000)
[2023-02-22T09:03:50.334+0000][50][gc,heap,exit]   region size 4096K, 2 young (8192K), 0 survivors (0K)
[2023-02-22T09:03:50.334+0000][50][gc,heap,exit]  Metaspace       used 53K, committed 128K, reserved 1114112K
[2023-02-22T09:03:50.334+0000][50][gc,heap,exit]   class space    used 1K, committed 64K, reserved 1048576K
