[2023-02-22T09:03:33.820+0000][37][gc,init] CardTable entry size: 512
[2023-02-22T09:03:33.821+0000][37][gc     ] Using G1
[2023-02-22T09:03:33.823+0000][37][gc,init] Version: 19.0.1+10-21 (release)
[2023-02-22T09:03:33.823+0000][37][gc,init] CPUs: 8 total, 8 available
[2023-02-22T09:03:33.823+0000][37][gc,init] Memory: 15699M
[2023-02-22T09:03:33.823+0000][37][gc,init] Large Page Support: Disabled
[2023-02-22T09:03:33.823+0000][37][gc,init] NUMA Support: Disabled
[2023-02-22T09:03:33.823+0000][37][gc,init] Compressed Oops: Enabled (Zero based)
[2023-02-22T09:03:33.823+0000][37][gc,init] Heap Region Size: 2M
[2023-02-22T09:03:33.823+0000][37][gc,init] Heap Min Capacity: 8M
[2023-02-22T09:03:33.823+0000][37][gc,init] Heap Initial Capacity: 246M
[2023-02-22T09:03:33.823+0000][37][gc,init] Heap Max Capacity: 3926M
[2023-02-22T09:03:33.823+0000][37][gc,init] Pre-touch: Disabled
[2023-02-22T09:03:33.823+0000][37][gc,init] Parallel Workers: 8
[2023-02-22T09:03:33.823+0000][37][gc,init] Concurrent Workers: 2
[2023-02-22T09:03:33.823+0000][37][gc,init] Concurrent Refinement Workers: 8
[2023-02-22T09:03:33.823+0000][37][gc,init] Periodic GC: Disabled
[2023-02-22T09:03:33.823+0000][37][gc,metaspace] CDS archive(s) mapped at: [0x0000000800000000-0x0000000800c4f000-0x0000000800c4f000), size 12906496, SharedBaseAddress: 0x0000000800000000, ArchiveRelocationMode: 0.
[2023-02-22T09:03:33.823+0000][37][gc,metaspace] Compressed class space mapped at: 0x0000000801000000-0x0000000841000000, reserved size: 1073741824
[2023-02-22T09:03:33.823+0000][37][gc,metaspace] Narrow klass base: 0x0000000800000000, Narrow klass shift: 0, Narrow klass range: 0x100000000
[2023-02-22T09:03:33.859+0000][37][gc,heap,exit] Heap
[2023-02-22T09:03:33.859+0000][37][gc,heap,exit]  garbage-first heap   total 256000K, used 3818K [0x000000070aa00000, 0x0000000800000000)
[2023-02-22T09:03:33.859+0000][37][gc,heap,exit]   region size 2048K, 1 young (2048K), 0 survivors (0K)
[2023-02-22T09:03:33.859+0000][37][gc,heap,exit]  Metaspace       used 53K, committed 128K, reserved 1114112K
[2023-02-22T09:03:33.859+0000][37][gc,heap,exit]   class space    used 1K, committed 64K, reserved 1048576K
